exports[`test test show table 1`] = `
<div
  style={
    Object {
      "height": "auto",
      "muiPrepared": true,
      "overflow": "auto",
    }
  }>
  <div
    style={
      Object {
        "muiPrepared": true,
      }
    }>
    <table
      className={undefined}
      style={
        Object {
          "backgroundColor": "#ffffff",
          "borderCollapse": "collapse",
          "borderSpacing": 0,
          "fontFamily": "Roboto, sans-serif",
          "padding": "0 24px",
          "tableLayout": "fixed",
          "width": "100%",
        }
      }>
      <thead
        className={undefined}
        style={
          Object {
            "borderBottom": "1px solid #e0e0e0",
            "muiPrepared": true,
          }
        }>
        <tr
          className={undefined}
          style={
            Object {
              "borderBottom": "1px solid #e0e0e0",
              "color": "rgba(0, 0, 0, 0.87)",
              "height": 48,
              "muiPrepared": true,
            }
          }>
          <th
            className={undefined}
            onClick={[Function]}
            onMouseEnter={[Function]}
            onMouseLeave={[Function]}
            style={
              Object {
                "backgroundColor": "inherit",
                "color": "#bdbdbd",
                "fontSize": 12,
                "fontWeight": "bold",
                "height": 56,
                "muiPrepared": true,
                "paddingLeft": 24,
                "paddingRight": 24,
                "position": "relative",
                "textAlign": "left",
                "textOverflow": "ellipsis",
                "whiteSpace": "nowrap",
              }
            }>
            CODE
          </th>
          <th
            className={undefined}
            onClick={[Function]}
            onMouseEnter={[Function]}
            onMouseLeave={[Function]}
            style={
              Object {
                "backgroundColor": "inherit",
                "color": "#bdbdbd",
                "fontSize": 12,
                "fontWeight": "bold",
                "height": 56,
                "muiPrepared": true,
                "paddingLeft": 24,
                "paddingRight": 24,
                "position": "relative",
                "textAlign": "left",
                "textOverflow": "ellipsis",
                "whiteSpace": "nowrap",
              }
            }>
            COMPANY
          </th>
          <th
            className={undefined}
            onClick={[Function]}
            onMouseEnter={[Function]}
            onMouseLeave={[Function]}
            style={
              Object {
                "backgroundColor": "inherit",
                "color": "#bdbdbd",
                "fontSize": 12,
                "fontWeight": "bold",
                "height": 56,
                "muiPrepared": true,
                "paddingLeft": 24,
                "paddingRight": 24,
                "position": "relative",
                "textAlign": "left",
                "textOverflow": "ellipsis",
                "whiteSpace": "nowrap",
              }
            }>
            PRICE
          </th>
          <th
            className={undefined}
            onClick={[Function]}
            onMouseEnter={[Function]}
            onMouseLeave={[Function]}
            style={
              Object {
                "backgroundColor": "inherit",
                "color": "#bdbdbd",
                "fontSize": 12,
                "fontWeight": "bold",
                "height": 56,
                "muiPrepared": true,
                "paddingLeft": 24,
                "paddingRight": 24,
                "position": "relative",
                "textAlign": "left",
                "textOverflow": "ellipsis",
                "whiteSpace": "nowrap",
              }
            }>
            VALUE
          </th>
          <th
            className={undefined}
            onClick={[Function]}
            onMouseEnter={[Function]}
            onMouseLeave={[Function]}
            style={
              Object {
                "backgroundColor": "inherit",
                "color": "#bdbdbd",
                "fontSize": 12,
                "fontWeight": "bold",
                "height": 56,
                "muiPrepared": true,
                "paddingLeft": 24,
                "paddingRight": 24,
                "position": "relative",
                "textAlign": "left",
                "textOverflow": "ellipsis",
                "whiteSpace": "nowrap",
              }
            }>
            CHANGE
          </th>
          <th
            className={undefined}
            onClick={[Function]}
            onMouseEnter={[Function]}
            onMouseLeave={[Function]}
            style={
              Object {
                "backgroundColor": "inherit",
                "color": "#bdbdbd",
                "fontSize": 12,
                "fontWeight": "bold",
                "height": 56,
                "muiPrepared": true,
                "paddingLeft": 24,
                "paddingRight": 24,
                "position": "relative",
                "textAlign": "left",
                "textOverflow": "ellipsis",
                "whiteSpace": "nowrap",
              }
            }>
            %CHANGE
          </th>
        </tr>
      </thead>
    </table>
  </div>
  <div
    style={
      Object {
        "height": "inherit",
        "muiPrepared": true,
        "overflowX": "hidden",
        "overflowY": "auto",
      }
    }>
    <table
      className={undefined}
      style={
        Object {
          "backgroundColor": "#ffffff",
          "borderCollapse": "collapse",
          "borderSpacing": 0,
          "fontFamily": "Roboto, sans-serif",
          "padding": "0 24px",
          "tableLayout": "fixed",
          "width": "100%",
        }
      }>
      <tbody
        className={undefined}
        style={
          Object {
            "height": "inherit",
            "muiPrepared": true,
          }
        }>
        <tr
          className={undefined}
          style={
            Object {
              "borderBottom": "1px solid #e0e0e0",
              "color": "rgba(0, 0, 0, 0.87)",
              "height": 48,
              "muiPrepared": true,
            }
          }>
          <td
            className={undefined}
            onClick={[Function]}
            onMouseEnter={[Function]}
            onMouseLeave={[Function]}
            style={
              Object {
                "backgroundColor": "inherit",
                "color": "#2e84de",
                "fontSize": 13,
                "fontWeight": "bold",
                "height": 48,
                "muiPrepared": true,
                "overflow": "hidden",
                "paddingLeft": 24,
                "paddingRight": 24,
                "textAlign": "left",
                "textOverflow": "ellipsis",
                "whiteSpace": "nowrap",
              }
            }>
            HHH.AX
          </td>
          <td
            className={undefined}
            onClick={[Function]}
            onMouseEnter={[Function]}
            onMouseLeave={[Function]}
            style={
              Object {
                "backgroundColor": "inherit",
                "color": "#9E9E9E",
                "fontSize": 13,
                "fontWeight": "bold",
                "height": 48,
                "muiPrepared": true,
                "overflow": "hidden",
                "paddingLeft": 24,
                "paddingRight": 24,
                "textAlign": "left",
                "textOverflow": "ellipsis",
                "whiteSpace": "nowrap",
              }
            }>
            HHH
          </td>
          <td
            className={undefined}
            onClick={[Function]}
            onMouseEnter={[Function]}
            onMouseLeave={[Function]}
            style={
              Object {
                "backgroundColor": "inherit",
                "color": "black",
                "fontSize": 13,
                "fontWeight": "bold",
                "height": 48,
                "muiPrepared": true,
                "overflow": "hidden",
                "paddingLeft": 24,
                "paddingRight": 24,
                "textAlign": "left",
                "textOverflow": "ellipsis",
                "whiteSpace": "nowrap",
              }
            }>
            0.3729
          </td>
          <td
            className={undefined}
            onClick={[Function]}
            onMouseEnter={[Function]}
            onMouseLeave={[Function]}
            style={
              Object {
                "backgroundColor": "inherit",
                "color": "black",
                "fontSize": 13,
                "fontWeight": "bold",
                "height": 48,
                "muiPrepared": true,
                "overflow": "hidden",
                "paddingLeft": 24,
                "paddingRight": 24,
                "textAlign": "left",
                "textOverflow": "ellipsis",
                "whiteSpace": "nowrap",
              }
            }>
            372900
          </td>
          <td
            className={undefined}
            onClick={[Function]}
            onMouseEnter={[Function]}
            onMouseLeave={[Function]}
            style={
              Object {
                "backgroundColor": "inherit",
                "color": "#ff3a65",
                "fontSize": 13,
                "fontWeight": "bold",
                "height": 48,
                "muiPrepared": true,
                "overflow": "hidden",
                "paddingLeft": 24,
                "paddingRight": 24,
                "textAlign": "left",
                "textOverflow": "ellipsis",
                "whiteSpace": "nowrap",
              }
            }>
            0
          </td>
          <td
            className={undefined}
            onClick={[Function]}
            onMouseEnter={[Function]}
            onMouseLeave={[Function]}
            style={
              Object {
                "backgroundColor": "inherit",
                "color": "#ff3a65",
                "fontSize": 13,
                "fontWeight": "bold",
                "height": 48,
                "muiPrepared": true,
                "overflow": "hidden",
                "paddingLeft": 24,
                "paddingRight": 24,
                "textAlign": "left",
                "textOverflow": "ellipsis",
                "whiteSpace": "nowrap",
              }
            }>
            0
          </td>
        </tr>
        <tr
          className={undefined}
          style={
            Object {
              "borderBottom": "1px solid #e0e0e0",
              "color": "rgba(0, 0, 0, 0.87)",
              "height": 48,
              "muiPrepared": true,
            }
          }>
          <td
            className={undefined}
            onClick={[Function]}
            onMouseEnter={[Function]}
            onMouseLeave={[Function]}
            style={
              Object {
                "backgroundColor": "inherit",
                "color": "#2e84de",
                "fontSize": 13,
                "fontWeight": "bold",
                "height": 48,
                "muiPrepared": true,
                "overflow": "hidden",
                "paddingLeft": 24,
                "paddingRight": 24,
                "textAlign": "left",
                "textOverflow": "ellipsis",
                "whiteSpace": "nowrap",
              }
            }>
            EEE.AX
          </td>
          <td
            className={undefined}
            onClick={[Function]}
            onMouseEnter={[Function]}
            onMouseLeave={[Function]}
            style={
              Object {
                "backgroundColor": "inherit",
                "color": "#9E9E9E",
                "fontSize": 13,
                "fontWeight": "bold",
                "height": 48,
                "muiPrepared": true,
                "overflow": "hidden",
                "paddingLeft": 24,
                "paddingRight": 24,
                "textAlign": "left",
                "textOverflow": "ellipsis",
                "whiteSpace": "nowrap",
              }
            }>
            EEE
          </td>
          <td
            className={undefined}
            onClick={[Function]}
            onMouseEnter={[Function]}
            onMouseLeave={[Function]}
            style={
              Object {
                "backgroundColor": "inherit",
                "color": "black",
                "fontSize": 13,
                "fontWeight": "bold",
                "height": 48,
                "muiPrepared": true,
                "overflow": "hidden",
                "paddingLeft": 24,
                "paddingRight": 24,
                "textAlign": "left",
                "textOverflow": "ellipsis",
                "whiteSpace": "nowrap",
              }
            }>
            0.7241
          </td>
          <td
            className={undefined}
            onClick={[Function]}
            onMouseEnter={[Function]}
            onMouseLeave={[Function]}
            style={
              Object {
                "backgroundColor": "inherit",
                "color": "black",
                "fontSize": 13,
                "fontWeight": "bold",
                "height": 48,
                "muiPrepared": true,
                "overflow": "hidden",
                "paddingLeft": 24,
                "paddingRight": 24,
                "textAlign": "left",
                "textOverflow": "ellipsis",
                "whiteSpace": "nowrap",
              }
            }>
            724100
          </td>
          <td
            className={undefined}
            onClick={[Function]}
            onMouseEnter={[Function]}
            onMouseLeave={[Function]}
            style={
              Object {
                "backgroundColor": "inherit",
                "color": "#ff3a65",
                "fontSize": 13,
                "fontWeight": "bold",
                "height": 48,
                "muiPrepared": true,
                "overflow": "hidden",
                "paddingLeft": 24,
                "paddingRight": 24,
                "textAlign": "left",
                "textOverflow": "ellipsis",
                "whiteSpace": "nowrap",
              }
            }>
            0
          </td>
          <td
            className={undefined}
            onClick={[Function]}
            onMouseEnter={[Function]}
            onMouseLeave={[Function]}
            style={
              Object {
                "backgroundColor": "inherit",
                "color": "#ff3a65",
                "fontSize": 13,
                "fontWeight": "bold",
                "height": 48,
                "muiPrepared": true,
                "overflow": "hidden",
                "paddingLeft": 24,
                "paddingRight": 24,
                "textAlign": "left",
                "textOverflow": "ellipsis",
                "whiteSpace": "nowrap",
              }
            }>
            0
          </td>
        </tr>
        <tr
          className={undefined}
          style={
            Object {
              "borderBottom": "1px solid #e0e0e0",
              "color": "rgba(0, 0, 0, 0.87)",
              "height": 48,
              "muiPrepared": true,
            }
          }>
          <td
            className={undefined}
            onClick={[Function]}
            onMouseEnter={[Function]}
            onMouseLeave={[Function]}
            style={
              Object {
                "backgroundColor": "inherit",
                "color": "#2e84de",
                "fontSize": 13,
                "fontWeight": "bold",
                "height": 48,
                "muiPrepared": true,
                "overflow": "hidden",
                "paddingLeft": 24,
                "paddingRight": 24,
                "textAlign": "left",
                "textOverflow": "ellipsis",
                "whiteSpace": "nowrap",
              }
            }>
            GGG.AX
          </td>
          <td
            className={undefined}
            onClick={[Function]}
            onMouseEnter={[Function]}
            onMouseLeave={[Function]}
            style={
              Object {
                "backgroundColor": "inherit",
                "color": "#9E9E9E",
                "fontSize": 13,
                "fontWeight": "bold",
                "height": 48,
                "muiPrepared": true,
                "overflow": "hidden",
                "paddingLeft": 24,
                "paddingRight": 24,
                "textAlign": "left",
                "textOverflow": "ellipsis",
                "whiteSpace": "nowrap",
              }
            }>
            GGG
          </td>
          <td
            className={undefined}
            onClick={[Function]}
            onMouseEnter={[Function]}
            onMouseLeave={[Function]}
            style={
              Object {
                "backgroundColor": "inherit",
                "color": "black",
                "fontSize": 13,
                "fontWeight": "bold",
                "height": 48,
                "muiPrepared": true,
                "overflow": "hidden",
                "paddingLeft": 24,
                "paddingRight": 24,
                "textAlign": "left",
                "textOverflow": "ellipsis",
                "whiteSpace": "nowrap",
              }
            }>
            0.7292
          </td>
          <td
            className={undefined}
            onClick={[Function]}
            onMouseEnter={[Function]}
            onMouseLeave={[Function]}
            style={
              Object {
                "backgroundColor": "inherit",
                "color": "black",
                "fontSize": 13,
                "fontWeight": "bold",
                "height": 48,
                "muiPrepared": true,
                "overflow": "hidden",
                "paddingLeft": 24,
                "paddingRight": 24,
                "textAlign": "left",
                "textOverflow": "ellipsis",
                "whiteSpace": "nowrap",
              }
            }>
            729200
          </td>
          <td
            className={undefined}
            onClick={[Function]}
            onMouseEnter={[Function]}
            onMouseLeave={[Function]}
            style={
              Object {
                "backgroundColor": "inherit",
                "color": "#ff3a65",
                "fontSize": 13,
                "fontWeight": "bold",
                "height": 48,
                "muiPrepared": true,
                "overflow": "hidden",
                "paddingLeft": 24,
                "paddingRight": 24,
                "textAlign": "left",
                "textOverflow": "ellipsis",
                "whiteSpace": "nowrap",
              }
            }>
            0
          </td>
          <td
            className={undefined}
            onClick={[Function]}
            onMouseEnter={[Function]}
            onMouseLeave={[Function]}
            style={
              Object {
                "backgroundColor": "inherit",
                "color": "#ff3a65",
                "fontSize": 13,
                "fontWeight": "bold",
                "height": 48,
                "muiPrepared": true,
                "overflow": "hidden",
                "paddingLeft": 24,
                "paddingRight": 24,
                "textAlign": "left",
                "textOverflow": "ellipsis",
                "whiteSpace": "nowrap",
              }
            }>
            0
          </td>
        </tr>
        <tr
          className={undefined}
          style={
            Object {
              "borderBottom": "1px solid #e0e0e0",
              "color": "rgba(0, 0, 0, 0.87)",
              "height": 48,
              "muiPrepared": true,
            }
          }>
          <td
            className={undefined}
            onClick={[Function]}
            onMouseEnter={[Function]}
            onMouseLeave={[Function]}
            style={
              Object {
                "backgroundColor": "inherit",
                "color": "#2e84de",
                "fontSize": 13,
                "fontWeight": "bold",
                "height": 48,
                "muiPrepared": true,
                "overflow": "hidden",
                "paddingLeft": 24,
                "paddingRight": 24,
                "textAlign": "left",
                "textOverflow": "ellipsis",
                "whiteSpace": "nowrap",
              }
            }>
            FFF.AX
          </td>
          <td
            className={undefined}
            onClick={[Function]}
            onMouseEnter={[Function]}
            onMouseLeave={[Function]}
            style={
              Object {
                "backgroundColor": "inherit",
                "color": "#9E9E9E",
                "fontSize": 13,
                "fontWeight": "bold",
                "height": 48,
                "muiPrepared": true,
                "overflow": "hidden",
                "paddingLeft": 24,
                "paddingRight": 24,
                "textAlign": "left",
                "textOverflow": "ellipsis",
                "whiteSpace": "nowrap",
              }
            }>
            FFF
          </td>
          <td
            className={undefined}
            onClick={[Function]}
            onMouseEnter={[Function]}
            onMouseLeave={[Function]}
            style={
              Object {
                "backgroundColor": "inherit",
                "color": "black",
                "fontSize": 13,
                "fontWeight": "bold",
                "height": 48,
                "muiPrepared": true,
                "overflow": "hidden",
                "paddingLeft": 24,
                "paddingRight": 24,
                "textAlign": "left",
                "textOverflow": "ellipsis",
                "whiteSpace": "nowrap",
              }
            }>
            0.8292
          </td>
          <td
            className={undefined}
            onClick={[Function]}
            onMouseEnter={[Function]}
            onMouseLeave={[Function]}
            style={
              Object {
                "backgroundColor": "inherit",
                "color": "black",
                "fontSize": 13,
                "fontWeight": "bold",
                "height": 48,
                "muiPrepared": true,
                "overflow": "hidden",
                "paddingLeft": 24,
                "paddingRight": 24,
                "textAlign": "left",
                "textOverflow": "ellipsis",
                "whiteSpace": "nowrap",
              }
            }>
            829200
          </td>
          <td
            className={undefined}
            onClick={[Function]}
            onMouseEnter={[Function]}
            onMouseLeave={[Function]}
            style={
              Object {
                "backgroundColor": "inherit",
                "color": "#ff3a65",
                "fontSize": 13,
                "fontWeight": "bold",
                "height": 48,
                "muiPrepared": true,
                "overflow": "hidden",
                "paddingLeft": 24,
                "paddingRight": 24,
                "textAlign": "left",
                "textOverflow": "ellipsis",
                "whiteSpace": "nowrap",
              }
            }>
            0
          </td>
          <td
            className={undefined}
            onClick={[Function]}
            onMouseEnter={[Function]}
            onMouseLeave={[Function]}
            style={
              Object {
                "backgroundColor": "inherit",
                "color": "#ff3a65",
                "fontSize": 13,
                "fontWeight": "bold",
                "height": 48,
                "muiPrepared": true,
                "overflow": "hidden",
                "paddingLeft": 24,
                "paddingRight": 24,
                "textAlign": "left",
                "textOverflow": "ellipsis",
                "whiteSpace": "nowrap",
              }
            }>
            0
          </td>
        </tr>
        <tr
          className={undefined}
          style={
            Object {
              "borderBottom": "1px solid #e0e0e0",
              "color": "rgba(0, 0, 0, 0.87)",
              "height": 48,
              "muiPrepared": true,
            }
          }>
          <td
            className={undefined}
            onClick={[Function]}
            onMouseEnter={[Function]}
            onMouseLeave={[Function]}
            style={
              Object {
                "backgroundColor": "inherit",
                "color": "#2e84de",
                "fontSize": 13,
                "fontWeight": "bold",
                "height": 48,
                "muiPrepared": true,
                "overflow": "hidden",
                "paddingLeft": 24,
                "paddingRight": 24,
                "textAlign": "left",
                "textOverflow": "ellipsis",
                "whiteSpace": "nowrap",
              }
            }>
            AAA.AX
          </td>
          <td
            className={undefined}
            onClick={[Function]}
            onMouseEnter={[Function]}
            onMouseLeave={[Function]}
            style={
              Object {
                "backgroundColor": "inherit",
                "color": "#9E9E9E",
                "fontSize": 13,
                "fontWeight": "bold",
                "height": 48,
                "muiPrepared": true,
                "overflow": "hidden",
                "paddingLeft": 24,
                "paddingRight": 24,
                "textAlign": "left",
                "textOverflow": "ellipsis",
                "whiteSpace": "nowrap",
              }
            }>
            AAA
          </td>
          <td
            className={undefined}
            onClick={[Function]}
            onMouseEnter={[Function]}
            onMouseLeave={[Function]}
            style={
              Object {
                "backgroundColor": "inherit",
                "color": "black",
                "fontSize": 13,
                "fontWeight": "bold",
                "height": 48,
                "muiPrepared": true,
                "overflow": "hidden",
                "paddingLeft": 24,
                "paddingRight": 24,
                "textAlign": "left",
                "textOverflow": "ellipsis",
                "whiteSpace": "nowrap",
              }
            }>
            0.9292
          </td>
          <td
            className={undefined}
            onClick={[Function]}
            onMouseEnter={[Function]}
            onMouseLeave={[Function]}
            style={
              Object {
                "backgroundColor": "inherit",
                "color": "black",
                "fontSize": 13,
                "fontWeight": "bold",
                "height": 48,
                "muiPrepared": true,
                "overflow": "hidden",
                "paddingLeft": 24,
                "paddingRight": 24,
                "textAlign": "left",
                "textOverflow": "ellipsis",
                "whiteSpace": "nowrap",
              }
            }>
            929200
          </td>
          <td
            className={undefined}
            onClick={[Function]}
            onMouseEnter={[Function]}
            onMouseLeave={[Function]}
            style={
              Object {
                "backgroundColor": "inherit",
                "color": "#ff3a65",
                "fontSize": 13,
                "fontWeight": "bold",
                "height": 48,
                "muiPrepared": true,
                "overflow": "hidden",
                "paddingLeft": 24,
                "paddingRight": 24,
                "textAlign": "left",
                "textOverflow": "ellipsis",
                "whiteSpace": "nowrap",
              }
            }>
            0
          </td>
          <td
            className={undefined}
            onClick={[Function]}
            onMouseEnter={[Function]}
            onMouseLeave={[Function]}
            style={
              Object {
                "backgroundColor": "inherit",
                "color": "#ff3a65",
                "fontSize": 13,
                "fontWeight": "bold",
                "height": 48,
                "muiPrepared": true,
                "overflow": "hidden",
                "paddingLeft": 24,
                "paddingRight": 24,
                "textAlign": "left",
                "textOverflow": "ellipsis",
                "whiteSpace": "nowrap",
              }
            }>
            0
          </td>
        </tr>
        <tr
          className={undefined}
          style={
            Object {
              "borderBottom": "1px solid #e0e0e0",
              "color": "rgba(0, 0, 0, 0.87)",
              "height": 48,
              "muiPrepared": true,
            }
          }>
          <td
            className={undefined}
            onClick={[Function]}
            onMouseEnter={[Function]}
            onMouseLeave={[Function]}
            style={
              Object {
                "backgroundColor": "inherit",
                "color": "#2e84de",
                "fontSize": 13,
                "fontWeight": "bold",
                "height": 48,
                "muiPrepared": true,
                "overflow": "hidden",
                "paddingLeft": 24,
                "paddingRight": 24,
                "textAlign": "left",
                "textOverflow": "ellipsis",
                "whiteSpace": "nowrap",
              }
            }>
            BBB.AX
          </td>
          <td
            className={undefined}
            onClick={[Function]}
            onMouseEnter={[Function]}
            onMouseLeave={[Function]}
            style={
              Object {
                "backgroundColor": "inherit",
                "color": "#9E9E9E",
                "fontSize": 13,
                "fontWeight": "bold",
                "height": 48,
                "muiPrepared": true,
                "overflow": "hidden",
                "paddingLeft": 24,
                "paddingRight": 24,
                "textAlign": "left",
                "textOverflow": "ellipsis",
                "whiteSpace": "nowrap",
              }
            }>
            BBB
          </td>
          <td
            className={undefined}
            onClick={[Function]}
            onMouseEnter={[Function]}
            onMouseLeave={[Function]}
            style={
              Object {
                "backgroundColor": "inherit",
                "color": "black",
                "fontSize": 13,
                "fontWeight": "bold",
                "height": 48,
                "muiPrepared": true,
                "overflow": "hidden",
                "paddingLeft": 24,
                "paddingRight": 24,
                "textAlign": "left",
                "textOverflow": "ellipsis",
                "whiteSpace": "nowrap",
              }
            }>
            1.077
          </td>
          <td
            className={undefined}
            onClick={[Function]}
            onMouseEnter={[Function]}
            onMouseLeave={[Function]}
            style={
              Object {
                "backgroundColor": "inherit",
                "color": "black",
                "fontSize": 13,
                "fontWeight": "bold",
                "height": 48,
                "muiPrepared": true,
                "overflow": "hidden",
                "paddingLeft": 24,
                "paddingRight": 24,
                "textAlign": "left",
                "textOverflow": "ellipsis",
                "whiteSpace": "nowrap",
              }
            }>
            1077000
          </td>
          <td
            className={undefined}
            onClick={[Function]}
            onMouseEnter={[Function]}
            onMouseLeave={[Function]}
            style={
              Object {
                "backgroundColor": "inherit",
                "color": "#ff3a65",
                "fontSize": 13,
                "fontWeight": "bold",
                "height": 48,
                "muiPrepared": true,
                "overflow": "hidden",
                "paddingLeft": 24,
                "paddingRight": 24,
                "textAlign": "left",
                "textOverflow": "ellipsis",
                "whiteSpace": "nowrap",
              }
            }>
            0
          </td>
          <td
            className={undefined}
            onClick={[Function]}
            onMouseEnter={[Function]}
            onMouseLeave={[Function]}
            style={
              Object {
                "backgroundColor": "inherit",
                "color": "#ff3a65",
                "fontSize": 13,
                "fontWeight": "bold",
                "height": 48,
                "muiPrepared": true,
                "overflow": "hidden",
                "paddingLeft": 24,
                "paddingRight": 24,
                "textAlign": "left",
                "textOverflow": "ellipsis",
                "whiteSpace": "nowrap",
              }
            }>
            0
          </td>
        </tr>
        <tr
          className={undefined}
          style={
            Object {
              "borderBottom": "1px solid #e0e0e0",
              "color": "rgba(0, 0, 0, 0.87)",
              "height": 48,
              "muiPrepared": true,
            }
          }>
          <td
            className={undefined}
            onClick={[Function]}
            onMouseEnter={[Function]}
            onMouseLeave={[Function]}
            style={
              Object {
                "backgroundColor": "inherit",
                "color": "#2e84de",
                "fontSize": 13,
                "fontWeight": "bold",
                "height": 48,
                "muiPrepared": true,
                "overflow": "hidden",
                "paddingLeft": 24,
                "paddingRight": 24,
                "textAlign": "left",
                "textOverflow": "ellipsis",
                "whiteSpace": "nowrap",
              }
            }>
            DDD.AX
          </td>
          <td
            className={undefined}
            onClick={[Function]}
            onMouseEnter={[Function]}
            onMouseLeave={[Function]}
            style={
              Object {
                "backgroundColor": "inherit",
                "color": "#9E9E9E",
                "fontSize": 13,
                "fontWeight": "bold",
                "height": 48,
                "muiPrepared": true,
                "overflow": "hidden",
                "paddingLeft": 24,
                "paddingRight": 24,
                "textAlign": "left",
                "textOverflow": "ellipsis",
                "whiteSpace": "nowrap",
              }
            }>
            DDD
          </td>
          <td
            className={undefined}
            onClick={[Function]}
            onMouseEnter={[Function]}
            onMouseLeave={[Function]}
            style={
              Object {
                "backgroundColor": "inherit",
                "color": "black",
                "fontSize": 13,
                "fontWeight": "bold",
                "height": 48,
                "muiPrepared": true,
                "overflow": "hidden",
                "paddingLeft": 24,
                "paddingRight": 24,
                "textAlign": "left",
                "textOverflow": "ellipsis",
                "whiteSpace": "nowrap",
              }
            }>
            1.4292
          </td>
          <td
            className={undefined}
            onClick={[Function]}
            onMouseEnter={[Function]}
            onMouseLeave={[Function]}
            style={
              Object {
                "backgroundColor": "inherit",
                "color": "black",
                "fontSize": 13,
                "fontWeight": "bold",
                "height": 48,
                "muiPrepared": true,
                "overflow": "hidden",
                "paddingLeft": 24,
                "paddingRight": 24,
                "textAlign": "left",
                "textOverflow": "ellipsis",
                "whiteSpace": "nowrap",
              }
            }>
            1429200
          </td>
          <td
            className={undefined}
            onClick={[Function]}
            onMouseEnter={[Function]}
            onMouseLeave={[Function]}
            style={
              Object {
                "backgroundColor": "inherit",
                "color": "#ff3a65",
                "fontSize": 13,
                "fontWeight": "bold",
                "height": 48,
                "muiPrepared": true,
                "overflow": "hidden",
                "paddingLeft": 24,
                "paddingRight": 24,
                "textAlign": "left",
                "textOverflow": "ellipsis",
                "whiteSpace": "nowrap",
              }
            }>
            0
          </td>
          <td
            className={undefined}
            onClick={[Function]}
            onMouseEnter={[Function]}
            onMouseLeave={[Function]}
            style={
              Object {
                "backgroundColor": "inherit",
                "color": "#ff3a65",
                "fontSize": 13,
                "fontWeight": "bold",
                "height": 48,
                "muiPrepared": true,
                "overflow": "hidden",
                "paddingLeft": 24,
                "paddingRight": 24,
                "textAlign": "left",
                "textOverflow": "ellipsis",
                "whiteSpace": "nowrap",
              }
            }>
            0
          </td>
        </tr>
        <tr
          className={undefined}
          style={
            Object {
              "borderBottom": false,
              "color": "rgba(0, 0, 0, 0.87)",
              "height": 48,
              "muiPrepared": true,
            }
          }>
          <td
            className={undefined}
            onClick={[Function]}
            onMouseEnter={[Function]}
            onMouseLeave={[Function]}
            style={
              Object {
                "backgroundColor": "inherit",
                "color": "#2e84de",
                "fontSize": 13,
                "fontWeight": "bold",
                "height": 48,
                "muiPrepared": true,
                "overflow": "hidden",
                "paddingLeft": 24,
                "paddingRight": 24,
                "textAlign": "left",
                "textOverflow": "ellipsis",
                "whiteSpace": "nowrap",
              }
            }>
            CCC.AX
          </td>
          <td
            className={undefined}
            onClick={[Function]}
            onMouseEnter={[Function]}
            onMouseLeave={[Function]}
            style={
              Object {
                "backgroundColor": "inherit",
                "color": "#9E9E9E",
                "fontSize": 13,
                "fontWeight": "bold",
                "height": 48,
                "muiPrepared": true,
                "overflow": "hidden",
                "paddingLeft": 24,
                "paddingRight": 24,
                "textAlign": "left",
                "textOverflow": "ellipsis",
                "whiteSpace": "nowrap",
              }
            }>
            CCC
          </td>
          <td
            className={undefined}
            onClick={[Function]}
            onMouseEnter={[Function]}
            onMouseLeave={[Function]}
            style={
              Object {
                "backgroundColor": "inherit",
                "color": "black",
                "fontSize": 13,
                "fontWeight": "bold",
                "height": 48,
                "muiPrepared": true,
                "overflow": "hidden",
                "paddingLeft": 24,
                "paddingRight": 24,
                "textAlign": "left",
                "textOverflow": "ellipsis",
                "whiteSpace": "nowrap",
              }
            }>
            1.6292
          </td>
          <td
            className={undefined}
            onClick={[Function]}
            onMouseEnter={[Function]}
            onMouseLeave={[Function]}
            style={
              Object {
                "backgroundColor": "inherit",
                "color": "black",
                "fontSize": 13,
                "fontWeight": "bold",
                "height": 48,
                "muiPrepared": true,
                "overflow": "hidden",
                "paddingLeft": 24,
                "paddingRight": 24,
                "textAlign": "left",
                "textOverflow": "ellipsis",
                "whiteSpace": "nowrap",
              }
            }>
            1629200
          </td>
          <td
            className={undefined}
            onClick={[Function]}
            onMouseEnter={[Function]}
            onMouseLeave={[Function]}
            style={
              Object {
                "backgroundColor": "inherit",
                "color": "#ff3a65",
                "fontSize": 13,
                "fontWeight": "bold",
                "height": 48,
                "muiPrepared": true,
                "overflow": "hidden",
                "paddingLeft": 24,
                "paddingRight": 24,
                "textAlign": "left",
                "textOverflow": "ellipsis",
                "whiteSpace": "nowrap",
              }
            }>
            0
          </td>
          <td
            className={undefined}
            onClick={[Function]}
            onMouseEnter={[Function]}
            onMouseLeave={[Function]}
            style={
              Object {
                "backgroundColor": "inherit",
                "color": "#ff3a65",
                "fontSize": 13,
                "fontWeight": "bold",
                "height": 48,
                "muiPrepared": true,
                "overflow": "hidden",
                "paddingLeft": 24,
                "paddingRight": 24,
                "textAlign": "left",
                "textOverflow": "ellipsis",
                "whiteSpace": "nowrap",
              }
            }>
            0
          </td>
        </tr>
      </tbody>
    </table>
  </div>
</div>
`;
